
         ==============================
         S N O P T  7.7.1    (Nov 2018)
         ==============================
